---
source: src/fastapi/docker_files.rs
expression: content
---
"# syntax=docker/dockerfile:1\n\nFROM ubuntu:24.04 AS builder\n\nWORKDIR /app\n\nENV \\\n  PYTHONUNBUFFERED=true \\\n  UV_PYTHON_INSTALL_DIR=/opt/uv/python \\\n  UV_LINK_MODE=copy\n\nRUN : \\\n  && apt-get update \\\n  && apt-get install -y --no-install-recommends \\\n  curl \\\n  ca-certificates \\\n  && apt-get clean \\\n  && rm -rf /var/lib/apt/lists/*\n\n# Install uv\nADD https://astral.sh/uv/install.sh /uv-installer.sh\n\nRUN sh /uv-installer.sh && rm /uv-installer.sh\n\nENV PATH=\"/root/.local/bin:$PATH\"\n\nCOPY pyproject.toml uv.lock ./\n\nRUN --mount=type=cache,target=/root/.cache/uv \\\n  uv venv -p 3.11 \\\n  && uv sync --locked --no-dev --no-editable\n\n\n# Build production stage\nFROM ubuntu:24.04 AS prod\n\nRUN useradd appuser\n\nWORKDIR /app\n\nRUN chown appuser:appuser /app\n\nENV \\\n  PYTHONUNBUFFERED=true \\\n  PATH=\"/app/.venv/bin:$PATH\" \\\n  PORT=\"8000\"\n\nCOPY --from=builder /app/.venv /app/.venv\nCOPY --from=builder /app/my_project /app/my_project\nCOPY --from=builder /opt/uv/python /opt/uv/python\nCOPY ./scripts/entrypoint.sh /app\n\nRUN chmod +x /app/entrypoint.sh\n\nEXPOSE 8000\n\nUSER appuser\n\nENTRYPOINT [\"./entrypoint.sh\"]\n"
