---
source: src/project_generator.rs
expression: content
---
"[build-system]\nrequires = [\"maturin>=1.5,<2.0\"]\nbuild-backend = \"maturin\"\n\n[project]\nname = \"my-project\"\ndescription = \"This is a test\"\nauthors = [\n  { name = \"Arthur Dent\", email = \"authur@heartofgold.com\" },\n]\nreadme = \"README.md\"\nrequires-python = \">=3.9\"\ndependencies = []\n\n[tool.uv]\ndev-dependencies = [\n  \"maturin==1.7.4\",\n  \"mypy==1.12.0\",\n  \"pre-commit==4.0.0\",\n  \"pytest==8.3.3\",\n  \"pytest-cov==5.0.0\",\n  \"ruff==0.6.9\",\n]\n\n[tool.maturin]\nmodule-name = \"my_project._my_project\"\nbinding = \"pyo3\"\nfeatures = [\"pyo3/extension-module\"]\n\n[tool.mypy]\ncheck_untyped_defs = true\ndisallow_untyped_defs = true\n\n[[tool.mypy.overrides]]\nmodule = [\"tests.*\"]\ndisallow_untyped_defs = false\n\n[tool.pytest.ini_options]\nminversion = \"6.0\"\naddopts = \"--cov=my_project --cov-report term-missing --no-cov-on-fail\"\n\n[tool.coverage.report]\nexclude_lines = [\"if __name__ == .__main__.:\", \"pragma: no cover\"]\n\n[tool.ruff]\nline-length = 100\ntarget-version = \"py39\"\nfix = true\n\n[tool.ruff.lint]\nselect = [\n  \"E\",  # pycodestyle\n  \"B\",  # flake8-bugbear\n  \"W\",  # Warning\n  \"F\",  # pyflakes\n  \"UP\",  # pyupgrade\n  \"I001\",  # unsorted-imports\n  \"T201\",  # print found\n  \"T203\",  # pprint found\n]\nignore=[\n  # Recommended ignores by ruff when using formatter\n  \"E501\",\n  \"W191\",\n  \"E111\",\n  \"E114\",\n  \"E117\",\n  \"D206\",\n  \"D300\",\n  \"Q000\",\n  \"Q001\",\n  \"Q002\",\n  \"Q003\",\n  \"COM812\",\n  \"COM819\",\n  \"ISC001\",\n  \"ISC002\",\n]\n"
