---
source: src/github_actions.rs
expression: content
---
"name: Testing\n\non:\n  push:\n    branches:\n    - main\n  pull_request:\njobs:\n  linting:\n    runs-on: ubuntu-latest\n    steps:\n    - uses: actions/checkout@v4\n    - name: Install Poetry\n      run: pipx install poetry\n    - name: Configure poetry\n      run: |\n        poetry config virtualenvs.create true\n        poetry config virtualenvs.in-project true\n    - name: Set up Python\n      uses: actions/setup-python@v5\n      with:\n        python-version: \"3.9\"\n        cache: \"poetry\"\n    - name: Install Dependencies\n      run: poetry install\n    - name: Ruff format check\n      run: poetry run ruff format my_project tests --check\n    - name: Lint with ruff\n      run: poetry run ruff check .\n    - name: mypy check\n      run: poetry run mypy .\n  testing:\n    strategy:\n      fail-fast: false\n      matrix:\n        python-version: [\"3.9\", \"3.10\", \"3.11\", \"3.12\"]\n        os: [ubuntu-latest, windows-latest, macos-latest]\n    runs-on: ${{ matrix.os }}\n    steps:\n    - uses: actions/checkout@v4\n    - name: Install Poetry\n      run: pipx install poetry\n    - name: Configure poetry\n      run: |\n        poetry config virtualenvs.create true\n        poetry config virtualenvs.in-project true\n    - name: Set up Python ${{ matrix.python-version }}\n      uses: actions/setup-python@v5\n      with:\n        python-version: ${{ matrix.python-version }}\n        cache: \"poetry\"\n    - name: Install Dependencies\n      run: poetry install\n    - name: Test with pytest\n      run: poetry run pytest\n"
