---
source: src/python_files.rs
expression: content
---
"from __future__ import annotations\n\n__version__: str\n\ndef sum_as_string(a: int, b: int) -> str: ...\n"
