---
source: src/project_generator.rs
expression: content
---
"[\n  \"maturin==1.7.4\",\n  \"mypy==1.12.0\",\n  \"pre-commit==4.0.0\",\n  \"pytest==8.3.3\",\n  \"pytest-cov==5.0.0\",\n  \"ruff==0.6.9\",\npytest-xdist==3.6.1\ntypes-ujson==5.10.0.20240515\n]"
