---
source: src/github_actions.rs
expression: content
---
"version: 2\nupdates:\n  - package-ecosystem: \"pip\"\n    directory: \"/\"\n    schedule:\n      interval: monthly\n    labels:\n    - skip-changelog\n    - dependencies\n  - package-ecosystem: \"github-actions\"\n    directory: '/'\n    schedule:\n      interval: monthly\n    labels:\n    - skip-changelog\n    - dependencies\n"
