---
source: src/github_actions.rs
expression: content
---
"name: Testing\n\non:\n  push:\n    branches:\n    - main\n  pull_request:\nenv:\n  PYTHON_VERSION: \"3.10\"\njobs:\n  linting:\n    runs-on: ubuntu-latest\n    steps:\n    - uses: actions/checkout@v5\n    - name: Install Pixi\n      uses: prefix-dev/setup-pixi@v0.8.1\n      with:\n        pixi-version: v0.30.0\n    - name: Set up Python\n      run: pixi add python==\"${{ env.PYTHON_VERSION }}.*\"\n    - name: Ruff format check\n      run: pixi run run-ruff-format\n    - name: Lint with ruff\n      run: pixi run run-ruff-check\n    - name: mypy check\n      run: pixi run run-mypy\n  testing:\n    strategy:\n      fail-fast: false\n      matrix:\n        python-version: [\"3.10\", \"3.11\", \"3.12\", \"3.13\", \"3.14\"]\n    runs-on: ubuntu-latest\n    steps:\n    - uses: actions/checkout@v5\n    - name: Install Pixi\n      uses: prefix-dev/setup-pixi@v0.8.1\n      with:\n        pixi-version: v0.30.0\n    - name: Set up Python ${{ matrix.python-version }}\n      run: pixi add python==\"${{ matrix.python-version }}.*\"\n    - name: Test with pytest\n      run: pixi run run-pytest\n"
