---
source: src/github_actions.rs
expression: content
---
"name: Testing\n\non:\n  push:\n    branches:\n    - main\n  pull_request:\nenv:\n  PYTHON_VERSION: \"3.9\"\n  SECRET_KEY: \"someKey\"\n  PRODUCTION_MODE: false\n  FIRST_SUPERUSER_EMAIL: \"some@email.com\"\n  FIRST_SUPERUSER_PASSWORD: \"somePassword1!\"\n  FIRST_SUPERUSER_NAME: \"Super User\"\n  POSTGRES_HOST: \"127.0.0.1\"\n  POSTGRES_USER: \"postgres\"\n  POSTGRES_PASSWORD: \"test_password\"\n  POSTGRES_DB: \"test_db\"\n  VALKEY_HOST: \"127.0.0.1\"\n  VALKEY_PASSWORD: \"test_password\"\n  MEILISEARCH_HOST: http://127.0.0.1\n  STACK_NAME: \"test-stack\"\n  DOMAIN: \"127.0.0.1\"\n  LOG_LEVEL: \"DEBUG\"\n  CI: true\njobs:\n  linting:\n    runs-on: ubuntu-latest\n    steps:\n    - uses: actions/checkout@v5\n    - name: Install uv\n      uses: astral-sh/setup-uv@v6\n      with:\n        enable-cache: true\n    - name: Set up Python\n      uses: actions/setup-python@v6\n      with:\n        python-version: ${{ env.PYTHON_VERSION }}\n    - name: Install Dependencies\n      run: uv sync --frozen\n    - name: Ruff format check\n      run: uv run ruff format my_project tests --check\n    - name: Lint with ruff\n      run: uv run ruff check .\n    - name: mypy check\n      run: uv run mypy .\n  testing:\n    strategy:\n      fail-fast: false\n      matrix:\n        python-version: [\"3.9\", \"3.10\", \"3.11\", \"3.12\"]\n    runs-on: ubuntu-latest\n    steps:\n    - uses: actions/checkout@v5\n    - name: Install Rust\n      uses: dtolnay/rust-toolchain@stable\n    - name: Cache dependencies\n      uses: Swatinem/rust-cache@v2\n    - name: Install sqlx-cli\n      run: cargo install sqlx-cli --no-default-features -F native-tls -F postgres\n    - name: Install uv\n      uses: astral-sh/setup-uv@v6\n      with:\n        enable-cache: true\n    - name: Set up Python ${{ matrix.python-version }}\n      uses: actions/setup-python@v6\n      with:\n        python-version: ${{ matrix.python-version }}\n    - name: Install Dependencies\n      run: uv sync --frozen\n    - name: make .env\n      run: touch .env\n    - name: Start docker containers\n      run: docker compose up db valkey migrations -d\n    - name: Test with pytest\n      run: uv run pytest -n auto\n"
