---
source: src/github_actions.rs
expression: content
---
"name: Testing\n\non:\n  push:\n    branches:\n    - main\n  pull_request:\nenv:\n  CARGO_TERM_COLOR: always\n  RUST_BACKTRACE: 1\n  RUSTFLAGS: \"-D warnings\"\njobs:\n  clippy:\n    name: Clippy\n    runs-on: ubuntu-latest\n    steps:\n    - uses: actions/checkout@v4\n    - name: Install Rust\n      run: |\n        curl --proto '=https' --tlsv1.2 -sSf https://sh.rustup.rs | sh -s -- -y\n    - name: Cache dependencies\n      uses: Swatinem/rust-cache@v2.6.2\n    - name: Run cargo clippy\n      run: cargo clippy --all-targets -- --deny warnings\n  fmt:\n    name: Rustfmt\n    runs-on: ubuntu-latest\n    steps:\n    - uses: actions/checkout@v4\n    - name: Install Rust\n      run: |\n        curl --proto '=https' --tlsv1.2 -sSf https://sh.rustup.rs | sh -s -- -y\n    - name: Cache dependencies\n      uses: Swatinem/rust-cache@v2.6.2\n    - name: Run cargo fmt\n      run: cargo fmt --all -- --check\n  python-linting:\n    runs-on: ubuntu-latest\n    steps:\n    - uses: actions/checkout@v4\n    - name: Set up Python\n      uses: actions/setup-python@v5\n      with:\n        python-version: \"3.9\"\n        cache: \"pip\"\n    - name: Install Dependencies\n      run: |\n        python -m pip install -U pip\n        python -m pip install -r requirements-dev.txt\n        python -m pip install -e .\n        maturin build --out dist\n        python -m pip install --no-index --find-links=dist/ prelude-parser\n    - name: Ruff format check\n      run: ruff format my_project tests --check\n    - name: Lint with ruff\n      run: ruff check .\n    - name: mypy check\n      run: mypy .\n  testing:\n    strategy:\n      fail-fast: false\n      matrix:\n        python-version: [\"3.9\", \"3.10\", \"3.11\", \"3.12\"]\n    runs-on: ubuntu-latest\n    steps:\n    - uses: actions/checkout@v4\n    - name: Set up Python ${{ matrix.python-version }}\n      uses: actions/setup-python@v5\n      with:\n        python-version: ${{ matrix.python-version }}\n        cache: \"pip\"\n    - name: Install Dependencies\n      run: |\n        python -m pip install -U pip\n        python -m pip install -r requirements-dev.txt\n        python -m pip install -e .\n        maturin build --out dist\n        python -m pip install --no-index --find-links=dist/ prelude-parser\n    - name: Test with pytest\n      run: pytest\n"
