---
source: src/python_files.rs
expression: content
---
"from z_my_project._z_my_project import __version__, sum_as_string\n\n__all__ = [\"__version__\", \"sum_as_string\"]\n"
