---
source: src/project_generator.rs
expression: content
---
"[build-system]\nrequires = [\"hatchling\"]\nbuild-backend = \"hatchling.build\"\n\n[project]\nname = \"my-project\"\ndescription = \"This is a test\"\nauthors = [\n  { name = \"Arthur Dent\", email = \"authur@heartofgold.com\" }\n]\nlicense = { file = \"LICENSE\" }\nreadme = \"README.md\"\nrequires-python = \">=3.9\"\ndynamic = [\"version\"]\ndependencies = []\n\n[tool.uv]\ndev-dependencies = [\n  \"mypy==1.11.1\",\n  \"pre-commit==3.8.0\",\n  \"pytest==8.3.2\",\n  \"pytest-cov==5.0.0\",\n  \"ruff==0.6.2\",\n]\n\n[tool.hatch.version]\npath = \"my_project/_version.py\"\n\n[tool.mypy]\ncheck_untyped_defs = true\ndisallow_untyped_defs = true\n\n[[tool.mypy.overrides]]\nmodule = [\"tests.*\"]\ndisallow_untyped_defs = false\n\n[tool.pytest.ini_options]\nminversion = \"6.0\"\naddopts = \"--cov=my_project --cov-report term-missing --no-cov-on-fail\"\n\n[tool.coverage.report]\nexclude_lines = [\"if __name__ == .__main__.:\", \"pragma: no cover\"]\n\n[tool.ruff]\nline-length = 100\ntarget-version = \"py39\"\nfix = true\n\n[tool.ruff.lint]\nselect = [\"E\", \"B\", \"F\", \"UP\", \"I001\", \"T201\", \"T203\"]\nignore=[\n  # Recommended ignores by ruff when using formatter\n  \"E501\",\n  \"W191\",\n  \"E111\",\n  \"E114\",\n  \"E117\",\n  \"D206\",\n  \"D300\",\n  \"Q000\",\n  \"Q001\",\n  \"Q002\",\n  \"Q003\",\n  \"COM812\",\n  \"COM819\",\n  \"ISC001\",\n  \"ISC002\",\n]\n"
