---
source: src/python_files.rs
expression: content
---
"from my_project._my_project import __version__, sum_as_string\n\n__all__ = [\"__version__\", \"sum_as_string\"]\n"
