---
source: src/project_generator.rs
expression: content
---
"@_default:\n  just --list\n\n@lint:\n  echo mypy\n  just --justfile {{justfile()}} mypy\n  echo ruff-check\n  just --justfile {{justfile()}} ruff-check\n  echo ruff-format\n  just --justfile {{justfile()}} ruff-format\n\n@mypy:\n  python -m mypy my_project tests\n\n@ruff-check:\n  python -m ruff check my_project tests\n\n@ruff-format:\n  python -m ruff format my_project tests\n\n@install:\n  python -m pip install -r requirements-dev.txt\n\n@test *args=\"\":\n  python -m pytest {{args}}\n"
