---
source: src/project_generator.rs
expression: content
---
"[tool.poetry]\nname = \"my-project\"\nversion = \"1.0.0\"\ndescription = \"This is a test\"\nauthors = [\"Arthur Dent <authur@heartofgold.com>\"]\nreadme = \"README.md\"\n\n[tool.poetry.dependencies]\npython = \"^3.9\"\n\n[tool.poetry.group.dev.dependencies]\nmypy = {version = \"1.0.0\", extras = [\"faster-cache\"]}\npre-commit = \"1.0.0\"\npytest = \"1.0.0\"\npytest-cov = \"1.0.0\"\nruff = \"1.0.0\"\ntomli = {version = \"1.0.0\", python = \"<3.11\"}\n\n[build-system]\nrequires = [\"poetry-core>=1.0.0\"]\nbuild-backend = \"poetry.core.masonry.api\"\n\n[tool.mypy]\ncheck_untyped_defs = true\ndisallow_untyped_defs = true\n\n[[tool.mypy.overrides]]\nmodule = [\"tests.*\"]\ndisallow_untyped_defs = false\n\n[tool.pytest.ini_options]\nminversion = \"6.0\"\naddopts = \"--cov=my_project --cov-report term-missing --no-cov-on-fail\"\n\n[tool.coverage.report]\nexclude_lines = [\"if __name__ == .__main__.:\", \"pragma: no cover\"]\n\n[tool.ruff]\nline-length = 100\ntarget-version = \"py39\"\nfix = true\n\n[tool.ruff.lint]\nselect = [\n  \"E\",  # pycodestyle\n  \"B\",  # flake8-bugbear\n  \"W\",  # Warning\n  \"F\",  # pyflakes\n  \"UP\",  # pyupgrade\n  \"I001\",  # unsorted-imports\n  \"T201\",  # print found\n  \"T203\",  # pprint found\n  \"RUF022\",  # Unsorted __all__\n  \"RUF023\",  # Unforted __slots__\n]\nignore=[\n  # Recommended ignores by ruff when using formatter\n  \"E501\",\n  \"W191\",\n  \"E111\",\n  \"E114\",\n  \"E117\",\n  \"D206\",\n  \"D300\",\n  \"Q000\",\n  \"Q001\",\n  \"Q002\",\n  \"Q003\",\n  \"COM812\",\n  \"COM819\",\n  \"ISC001\",\n  \"ISC002\",\n]"
