---
source: src/project_generator.rs
expression: content
---
"@_default:\n  just --list\n\n@lock:\n  uv lock\n\n@develop:\n  uv run maturin develop\n\n@develop-release:\n  uv run maturin develop -r\n\n@install: && develop\n  uv sync --frozen --all-extras\n\n@install-release: && develop-release\n  uv sync --frozen --all-extras\n\n@lint:\n  echo cargo check\n  just --justfile {{justfile()}} check\n  echo cargo clippy\n  just --justfile {{justfile()}} clippy\n  echo cargo fmt\n  just --justfile {{justfile()}} fmt\n  echo mypy\n  just --justfile {{justfile()}} mypy\n  echo ruff check\n  just --justfile {{justfile()}} ruff-check\n  echo ruff formatting\n  just --justfile {{justfile()}} ruff-format\n\n@check:\n  cargo check\n\n@clippy:\n  cargo clippy --all-targets\n\n@fmt:\n  cargo fmt --all -- --check\n\n@mypy:\n  uv run mypy my_project tests\n\n@ruff-check:\n  uv run ruff check my_project tests --fix\n\n@ruff-format:\n  ub run ruff format my_project tests\n\n@test:\n  uv run pytest\n"
