---
source: src/project_generator.rs
expression: content
---
"[tool.poetry]\nname = \"my-project\"\nversion = \"0.1.7\"\ndescription = \"This is a test\"\nauthors = [\"Arthur Dent <authur@heartofgold.com>\"]\nlicense = \"MIT\"\nreadme = \"README.md\"\n\n[tool.poetry.dependencies]\npython = \"^3.9\"\n\n[tool.poetry.group.dev.dependencies]\nmypy = \"1.11.1\"\npytest = \"8.3.2\"\npytest-cov = \"5.0.0\"\nruff = \"0.5.6\"\ntomli = {version = \"2.0.1\", python = \"<3.11\"}\n\n[build-system]\nrequires = [\"poetry-core>=1.0.0\"]\nbuild-backend = \"poetry.core.masonry.api\"\n\n[tool.mypy]\ncheck_untyped_defs = true\ndisallow_untyped_defs = true\n\n[[tool.mypy.overrides]]\nmodule = [\"tests.*\"]\ndisallow_untyped_defs = false\n\n[tool.pytest.ini_options]\nminversion = \"6.0\"\naddopts = \"--cov=my_project --cov-report term-missing --no-cov-on-fail\"\n\n[tool.coverage.report]\nexclude_lines = [\"if __name__ == .__main__.:\", \"pragma: no cover\"]\n\n[tool.ruff]\nline-length = 100\ntarget-version = \"py39\"\nfix = true\n\n[tool.ruff.lint]\nselect = [\"E\", \"B\", \"F\", \"UP\", \"I001\", \"T201\", \"T203\"]\nignore=[\n  # Recommended ignores by ruff when using formatter\n  \"E501\",\n  \"W191\",\n  \"E111\",\n  \"E114\",\n  \"E117\",\n  \"D206\",\n  \"D300\",\n  \"Q000\",\n  \"Q001\",\n  \"Q002\",\n  \"Q003\",\n  \"COM812\",\n  \"COM819\",\n  \"ISC001\",\n  \"ISC002\",\n]\n"
