---
source: src/github_actions.rs
expression: content
---
"name: Testing\n\non:\n  push:\n    branches:\n    - main\n  pull_request:\nenv:\n  PYTHON_VERSION: \"3.10\"\njobs:\n  linting:\n    runs-on: ubuntu-latest\n    steps:\n    - uses: actions/checkout@v5\n    - name: Install Poetry\n      run: pipx install poetry\n    - name: Configure poetry\n      run: |\n        poetry config virtualenvs.create true\n        poetry config virtualenvs.in-project true\n    - name: Set up Python\n      uses: actions/setup-python@v6\n      with:\n        python-version: ${{ env.PYTHON_VERSION }}\n        cache: \"poetry\"\n    - name: Install Dependencies\n      run: poetry install\n    - name: Ruff format check\n      run: poetry run ruff format my_project tests --check\n    - name: Lint with ruff\n      run: poetry run ruff check .\n    - name: mypy check\n      run: poetry run mypy .\n  testing:\n    strategy:\n      fail-fast: false\n      matrix:\n        python-version: [\"3.10\", \"3.11\", \"3.12\", \"3.13\", \"3.14\"]\n    runs-on: ubuntu-latest\n    steps:\n    - uses: actions/checkout@v5\n    - name: Install Poetry\n      run: pipx install poetry\n    - name: Configure poetry\n      run: |\n        poetry config virtualenvs.create true\n        poetry config virtualenvs.in-project true\n    - name: Set up Python ${{ matrix.python-version }}\n      uses: actions/setup-python@v6\n      with:\n        python-version: ${{ matrix.python-version }}\n        cache: \"poetry\"\n    - name: Install Dependencies\n      run: poetry install\n    - name: Test with pytest\n      run: poetry run pytest\n"
