---
source: src/github_actions.rs
expression: content
snapshot_kind: text
---
"name: PyPi Publish\non:\n  release:\n    types:\n    - published\njobs:\n  deploy:\n    runs-on: ubuntu-latest\n    permissions:\n      # For PyPI's trusted publishing.\n      id-token: write\n    steps:\n    - uses: actions/checkout@v4\n    - name: Install uv\n      uses: astral-sh/setup-uv@v3\n      with:\n        enable-cache: true\n    - name: Set up Python\n      uses: actions/setup-python@v5\n      with:\n        python-version: \"3.12\"\n    - name: Install Dependencies\n      run: uv sync --frozen\n    - name: Build and publish package\n      run: uv publish\n    - name: Deploy Docs\n      run: mkdocs gh-deploy --force\n"
