---
source: src/github_actions.rs
expression: content
---
"name: PyPi Publish\non:\n  release:\n    types:\n    - published\njobs:\n  deploy:\n    runs-on: ubuntu-latest\n    permissions:\n      # For PyPI's trusted publishing.\n      id-token: write\n    steps:\n    - uses: actions/checkout@v5\n    - name: Install Pixi\n      uses: prefix-dev/setup-pixi@v0.8.1\n      with:\n        pixi-version: v0.30.0\n    - name: Set up Python\n      run: pixi add python==\"3.12.*\"\n    - name: Build and publish package\n      run: |\n        pixi exec --spec python==\"3.12.*\" --spec python-build pyproject-build\n        pixi exec --spec python==\"3.12.*\" --spec twine twine upload dist/*\n"
