---
source: src/github_actions.rs
expression: content
---
"name: PyPi Publish\non:\n  release:\n    types:\n    - published\njobs:\n  deploy:\n    runs-on: ubuntu-latest\n    permissions:\n      # For PyPI's trusted publishing.\n      id-token: write\n    steps:\n    - uses: actions/checkout@v5\n    - name: Set up Python\n      uses: actions/setup-python@v6\n      with:\n        python-version: \"3.12\"\n        cache: \"pip\"\n    - name: Install Dependencies\n      run: |\n        python -m pip install -U pip\n        python -m pip -r requirements-dev.txt\n        python -m pip install build setuptools wheel twine\n    - name: Build and publish package\n      run: |\n        python -m build\n        twine upload dist/*\n"
